// Jest Snapshot v1, https://goo.gl/fbAQLP

exports[`AuthProtectWrapper -> auth state test: 1`] = `
<div>
  <div
    class="Toastify"
  />
  <p>
    Test render!
  </p>
</div>
`;

exports[`AuthProtectWrapper -> authorized state test: 1`] = `
<div>
  <div
    class="Toastify"
  />
  <p>
    Test render!
  </p>
</div>
`;

exports[`AuthProtectWrapper -> correct renders AuthProtectWrapper: 1`] = `
<div>
  <div
    class="MuiBox-root css-1wuow6q"
  >
    <div
      class="MuiBox-root css-9bqy8v"
    >
      <div
        class="MuiBox-root css-jhm7on"
      >
        <span
          aria-valuenow="100"
          class="MuiCircularProgress-root MuiCircularProgress-determinate MuiCircularProgress-colorPrimary css-1hslot7-MuiCircularProgress-root"
          role="progressbar"
          style="width: 50px; height: 50px; transform: rotate(-90deg);"
        >
          <svg
            class="MuiCircularProgress-svg css-1idz92c-MuiCircularProgress-svg"
            viewBox="22 22 44 44"
          >
            <circle
              class="MuiCircularProgress-circle MuiCircularProgress-circleDeterminate css-oxts8u-MuiCircularProgress-circle"
              cx="44"
              cy="44"
              fill="none"
              r="20"
              stroke-width="4"
              style="stroke-dasharray: 125.664; stroke-dashoffset: 0.000px;"
            />
          </svg>
        </span>
        <span
          class="MuiCircularProgress-root MuiCircularProgress-indeterminate MuiCircularProgress-colorPrimary css-185k7aw-MuiCircularProgress-root"
          role="progressbar"
          style="width: 50px; height: 50px;"
        >
          <svg
            class="MuiCircularProgress-svg css-1idz92c-MuiCircularProgress-svg"
            viewBox="22 22 44 44"
          >
            <circle
              class="MuiCircularProgress-circle MuiCircularProgress-circleIndeterminate css-176wh8e-MuiCircularProgress-circle"
              cx="44"
              cy="44"
              fill="none"
              r="20"
              stroke-width="4"
            />
          </svg>
        </span>
      </div>
       
      <div
        class="MuiBox-root css-jhm7on"
      >
        <span
          aria-valuenow="100"
          class="MuiCircularProgress-root MuiCircularProgress-determinate MuiCircularProgress-colorPrimary css-1hslot7-MuiCircularProgress-root"
          role="progressbar"
          style="width: 64px; height: 64px; transform: rotate(-90deg);"
        >
          <svg
            class="MuiCircularProgress-svg css-1idz92c-MuiCircularProgress-svg"
            viewBox="22 22 44 44"
          >
            <circle
              class="MuiCircularProgress-circle MuiCircularProgress-circleDeterminate css-oxts8u-MuiCircularProgress-circle"
              cx="44"
              cy="44"
              fill="none"
              r="20"
              stroke-width="4"
              style="stroke-dasharray: 125.664; stroke-dashoffset: 0.000px;"
            />
          </svg>
        </span>
        <span
          class="MuiCircularProgress-root MuiCircularProgress-indeterminate MuiCircularProgress-colorPrimary css-185k7aw-MuiCircularProgress-root"
          role="progressbar"
          style="width: 64px; height: 64px;"
        >
          <svg
            class="MuiCircularProgress-svg css-1idz92c-MuiCircularProgress-svg"
            viewBox="22 22 44 44"
          >
            <circle
              class="MuiCircularProgress-circle MuiCircularProgress-circleIndeterminate css-176wh8e-MuiCircularProgress-circle"
              cx="44"
              cy="44"
              fill="none"
              r="20"
              stroke-width="4"
            />
          </svg>
        </span>
      </div>
       
      <div
        class="MuiBox-root css-jhm7on"
      >
        <span
          aria-valuenow="100"
          class="MuiCircularProgress-root MuiCircularProgress-determinate MuiCircularProgress-colorPrimary css-1hslot7-MuiCircularProgress-root"
          role="progressbar"
          style="width: 50px; height: 50px; transform: rotate(-90deg);"
        >
          <svg
            class="MuiCircularProgress-svg css-1idz92c-MuiCircularProgress-svg"
            viewBox="22 22 44 44"
          >
            <circle
              class="MuiCircularProgress-circle MuiCircularProgress-circleDeterminate css-oxts8u-MuiCircularProgress-circle"
              cx="44"
              cy="44"
              fill="none"
              r="20"
              stroke-width="4"
              style="stroke-dasharray: 125.664; stroke-dashoffset: 0.000px;"
            />
          </svg>
        </span>
        <span
          class="MuiCircularProgress-root MuiCircularProgress-indeterminate MuiCircularProgress-colorPrimary css-185k7aw-MuiCircularProgress-root"
          role="progressbar"
          style="width: 50px; height: 50px;"
        >
          <svg
            class="MuiCircularProgress-svg css-1idz92c-MuiCircularProgress-svg"
            viewBox="22 22 44 44"
          >
            <circle
              class="MuiCircularProgress-circle MuiCircularProgress-circleIndeterminate css-176wh8e-MuiCircularProgress-circle"
              cx="44"
              cy="44"
              fill="none"
              r="20"
              stroke-width="4"
            />
          </svg>
        </span>
      </div>
    </div>
  </div>
</div>
`;
