// Jest Snapshot v1, https://goo.gl/fbAQLP

exports[`AuthProtectWrapper -> authorized state test: 1`] = `
<div>
  <div
    class="Toastify"
  />
  <p>
    Test render!
  </p>
</div>
`;

exports[`AuthProtectWrapper -> correct renders AuthProtectWrapper: 1`] = `
<div>
  <div
    class="Toastify"
  />
  <p>
    Test render!
  </p>
</div>
`;
